******************************************************************************
                  TI ARM Linker PC v18.12.4                    
******************************************************************************
>> Linked Tue Apr 21 03:32:29 2020

OUTPUT FILE NAME:   <Interrupt.out>
ENTRY POINT SYMBOL: "_c_int00_noargs"  address: 000006c5


MEMORY CONFIGURATION

         name            origin    length      used     unused   attr    fill
----------------------  --------  ---------  --------  --------  ----  --------
  FLASH                 00000000   00040000  0000076e  0003f892  R  X
  SRAM                  20000000   00008000  00000478  00007b88  RW X


SEGMENT ALLOCATION MAP

run origin  load origin   length   init length attrs members
----------  ----------- ---------- ----------- ----- -------
00000000    00000000    00000770   00000770    r-x
  00000000    00000000    0000026c   0000026c    r-- .intvecs
  0000026c    0000026c    000004ca   000004ca    r-x .text
  00000738    00000738    00000038   00000038    r-- .cinit
20000000    20000000    0000047c   00000000    rw-
  20000000    20000000    0000026c   00000000    rw- .vtable
  20000270    20000270    00000200   00000000    rw- .stack
  20000470    20000470    0000000c   00000000    rw- .data


SECTION ALLOCATION MAP

 output                                  attributes/
section   page    origin      length       input sections
--------  ----  ----------  ----------   ----------------
.intvecs   0    00000000    0000026c     
                  00000000    0000026c     tm4c123gh6pm_startup_ccs.obj (.intvecs)

.text      0    0000026c    000004ca     
                  0000026c    00000248     INT.obj (.text)
                  000004b4    000000c8     main.obj (.text)
                  0000057c    0000009c     rtsv7M4_T_le_v4SPD16_eabi.lib : memcpy_t2.asm.obj (.text)
                  00000618    00000068                                   : copy_decompress_lzss.c.obj (.text:decompress:lzss:__TI_decompress_lzss)
                  00000680    00000044                                   : autoinit.c.obj (.text:__TI_auto_init_nobinit_nopinit:__TI_auto_init_nobinit_nopinit)
                  000006c4    00000034                                   : boot_cortex_m.c.obj (.text:_c_int00_noargs:_c_int00_noargs)
                  000006f8    0000001c                                   : copy_zero_init.c.obj (.text:decompress:ZI:__TI_zero_init_nomemset:__TI_zero_init_nomemset)
                  00000714    0000000e                                   : copy_decompress_none.c.obj (.text:decompress:none:__TI_decompress_none)
                  00000722    0000000c     tm4c123gh6pm_startup_ccs.obj (.text)
                  0000072e    00000004     rtsv7M4_T_le_v4SPD16_eabi.lib : pre_init.c.obj (.text:_system_pre_init)
                  00000732    00000004                                   : exit.c.obj (.text:abort:abort)

.cinit     0    00000738    00000038     
                  00000738    00000010     (.cinit..data.load) [load image, compression = lzss]
                  00000748    0000000c     (__TI_handler_table)
                  00000754    00000004     --HOLE-- [fill = 0]
                  00000758    00000008     (.cinit..vtable.load) [load image, compression = zero_init]
                  00000760    00000010     (__TI_cinit_table)

.init_array 
*          0    00000000    00000000     UNINITIALIZED

.vtable    0    20000000    0000026c     UNINITIALIZED
                  20000000    0000026c     INT.obj (.vtable)

.data      0    20000470    0000000c     UNINITIALIZED
                  20000470    0000000c     main.obj (.data)

.stack     0    20000270    00000200     UNINITIALIZED
                  20000270    00000004     rtsv7M4_T_le_v4SPD16_eabi.lib : boot_cortex_m.c.obj (.stack)
                  20000274    000001fc     --HOLE--

MODULE SUMMARY

       Module                         code   ro data   rw data
       ------                         ----   -------   -------
    .\
       INT.obj                        584    0         620    
       tm4c123gh6pm_startup_ccs.obj   12     620       0      
       main.obj                       200    0         12     
    +--+------------------------------+------+---------+---------+
       Total:                         796    620       632    
                                                              
    C:\ti\ccs930\ccs\tools\compiler\ti-cgt-arm_18.12.4.LTS\lib\rtsv7M4_T_le_v4SPD16_eabi.lib
       memcpy_t2.asm.obj              156    0         0      
       copy_decompress_lzss.c.obj     104    0         0      
       autoinit.c.obj                 68     0         0      
       boot_cortex_m.c.obj            52     0         0      
       copy_zero_init.c.obj           28     0         0      
       copy_decompress_none.c.obj     14     0         0      
       exit.c.obj                     4      0         0      
       pre_init.c.obj                 4      0         0      
    +--+------------------------------+------+---------+---------+
       Total:                         430    0         0      
                                                              
       Stack:                         0      0         512    
       Linker Generated:              0      52        0      
    +--+------------------------------+------+---------+---------+
       Grand Total:                   1226   672       1144   


LINKER GENERATED COPY TABLES

__TI_cinit_table @ 00000760 records: 2, size/record: 8, table size: 16
	.data: load addr=00000738, load size=00000010 bytes, run addr=20000470, run size=0000000c bytes, compression=lzss
	.vtable: load addr=00000758, load size=00000008 bytes, run addr=20000000, run size=0000026c bytes, compression=zero_init


LINKER GENERATED HANDLER TABLE

__TI_handler_table @ 00000748 records: 3, size/record: 4, table size: 12
	index: 0, handler: __TI_zero_init
	index: 1, handler: __TI_decompress_lzss
	index: 2, handler: __TI_decompress_none


GLOBAL SYMBOLS: SORTED ALPHABETICALLY BY Name 

address   name                          
-------   ----                          
00000733  C$$EXIT                       
20000474  GPIOHBCTL                     
0000034d  INTClearPending               
000002bd  INTDisable                    
0000028b  INTEnable                     
000003ab  INTGetActivation              
0000037b  INTGetPending                 
000002eb  INTGetStatus                  
0000026d  INTSetAddress                 
0000031b  INTSetPending                 
000003db  INTSetPriority                
00000435  INTSoftwareTrigger            
0000044d  IntSetFunctions               
20000470  RCC                           
20000478  RCGCGPIO                      
00000723  ResetISR                      
20000470  __STACK_END                   
00000200  __STACK_SIZE                  
20000470  __STACK_TOP                   
00000760  __TI_CINIT_Base               
00000770  __TI_CINIT_Limit              
00000748  __TI_Handler_Table_Base       
00000754  __TI_Handler_Table_Limit      
00000681  __TI_auto_init_nobinit_nopinit
00000619  __TI_decompress_lzss          
00000715  __TI_decompress_none          
ffffffff  __TI_pprof_out_hndl           
ffffffff  __TI_prof_data_size           
ffffffff  __TI_prof_data_start          
00000000  __TI_static_base__            
000006f9  __TI_zero_init_nomemset       
0000057d  __aeabi_memcpy                
0000057d  __aeabi_memcpy4               
0000057d  __aeabi_memcpy8               
ffffffff  __binit__                     
ffffffff  __c_args__                    
UNDEFED   __mpu_init                    
20000270  __stack                       
000006c5  _c_int00_noargs               
UNDEFED   _system_post_cinit            
0000072f  _system_pre_init              
00000733  abort                         
ffffffff  binit                         
20000000  g_pfnRAMVectors               
00000000  g_pfnVectors                  
000004b5  main                          
0000057d  memcpy                        


GLOBAL SYMBOLS: SORTED BY Symbol Address 

address   name                          
-------   ----                          
00000000  __TI_static_base__            
00000000  g_pfnVectors                  
00000200  __STACK_SIZE                  
0000026d  INTSetAddress                 
0000028b  INTEnable                     
000002bd  INTDisable                    
000002eb  INTGetStatus                  
0000031b  INTSetPending                 
0000034d  INTClearPending               
0000037b  INTGetPending                 
000003ab  INTGetActivation              
000003db  INTSetPriority                
00000435  INTSoftwareTrigger            
0000044d  IntSetFunctions               
000004b5  main                          
0000057d  __aeabi_memcpy                
0000057d  __aeabi_memcpy4               
0000057d  __aeabi_memcpy8               
0000057d  memcpy                        
00000619  __TI_decompress_lzss          
00000681  __TI_auto_init_nobinit_nopinit
000006c5  _c_int00_noargs               
000006f9  __TI_zero_init_nomemset       
00000715  __TI_decompress_none          
00000723  ResetISR                      
0000072f  _system_pre_init              
00000733  C$$EXIT                       
00000733  abort                         
00000748  __TI_Handler_Table_Base       
00000754  __TI_Handler_Table_Limit      
00000760  __TI_CINIT_Base               
00000770  __TI_CINIT_Limit              
20000000  g_pfnRAMVectors               
20000270  __stack                       
20000470  RCC                           
20000470  __STACK_END                   
20000470  __STACK_TOP                   
20000474  GPIOHBCTL                     
20000478  RCGCGPIO                      
ffffffff  __TI_pprof_out_hndl           
ffffffff  __TI_prof_data_size           
ffffffff  __TI_prof_data_start          
ffffffff  __binit__                     
ffffffff  __c_args__                    
ffffffff  binit                         
UNDEFED   __mpu_init                    
UNDEFED   _system_post_cinit            

[47 symbols]
