******************************************************************************
                  TI ARM Linker PC v18.12.4                    
******************************************************************************
>> Linked Fri Apr 17 18:53:21 2020

OUTPUT FILE NAME:   <Interrupt.out>
ENTRY POINT SYMBOL: "_c_int00_noargs"  address: 00000665


MEMORY CONFIGURATION

         name            origin    length      used     unused   attr    fill
----------------------  --------  ---------  --------  --------  ----  --------
  FLASH                 00000000   00040000  000006da  0003f926  R  X
  SRAM                  20000000   00008000  0000020c  00007df4  RW X


SEGMENT ALLOCATION MAP

run origin  load origin   length   init length attrs members
----------  ----------- ---------- ----------- ----- -------
00000000    00000000    000006e0   000006e0    r-x
  00000000    00000000    0000026c   0000026c    r-- .intvecs
  0000026c    0000026c    0000044e   0000044e    r-x .text
  000006c0    000006c0    00000020   00000020    r-- .cinit
20000000    20000000    0000020c   00000000    rw-
  20000000    20000000    00000200   00000000    rw- .stack
  20000200    20000200    0000000c   00000000    rw- .data


SECTION ALLOCATION MAP

 output                                  attributes/
section   page    origin      length       input sections
--------  ----  ----------  ----------   ----------------
.intvecs   0    00000000    0000026c     
                  00000000    0000026c     tm4c123gh6pm_startup_ccs.obj (.intvecs)

.text      0    0000026c    0000044e     
                  0000026c    000001e8     INT.obj (.text)
                  00000454    000000c8     main.obj (.text)
                  0000051c    0000009c     rtsv7M4_T_le_v4SPD16_eabi.lib : memcpy_t2.asm.obj (.text)
                  000005b8    00000068                                   : copy_decompress_lzss.c.obj (.text:decompress:lzss:__TI_decompress_lzss)
                  00000620    00000044                                   : autoinit.c.obj (.text:__TI_auto_init_nobinit_nopinit:__TI_auto_init_nobinit_nopinit)
                  00000664    00000034                                   : boot_cortex_m.c.obj (.text:_c_int00_noargs:_c_int00_noargs)
                  00000698    0000000e                                   : copy_decompress_none.c.obj (.text:decompress:none:__TI_decompress_none)
                  000006a6    0000000c     tm4c123gh6pm_startup_ccs.obj (.text)
                  000006b2    00000004     rtsv7M4_T_le_v4SPD16_eabi.lib : pre_init.c.obj (.text:_system_pre_init)
                  000006b6    00000004                                   : exit.c.obj (.text:abort:abort)

.cinit     0    000006c0    00000020     
                  000006c0    00000010     (.cinit..data.load) [load image, compression = lzss]
                  000006d0    00000008     (__TI_handler_table)
                  000006d8    00000008     (__TI_cinit_table)

.init_array 
*          0    00000000    00000000     UNINITIALIZED

.data      0    20000200    0000000c     UNINITIALIZED
                  20000200    0000000c     main.obj (.data)

.stack     0    20000000    00000200     UNINITIALIZED
                  20000000    00000004     rtsv7M4_T_le_v4SPD16_eabi.lib : boot_cortex_m.c.obj (.stack)
                  20000004    000001fc     --HOLE--

MODULE SUMMARY

       Module                         code   ro data   rw data
       ------                         ----   -------   -------
    .\
       tm4c123gh6pm_startup_ccs.obj   12     620       0      
       INT.obj                        488    0         0      
       main.obj                       200    0         12     
    +--+------------------------------+------+---------+---------+
       Total:                         700    620       12     
                                                              
    C:\ti\ccs930\ccs\tools\compiler\ti-cgt-arm_18.12.4.LTS\lib\rtsv7M4_T_le_v4SPD16_eabi.lib
       memcpy_t2.asm.obj              156    0         0      
       copy_decompress_lzss.c.obj     104    0         0      
       autoinit.c.obj                 68     0         0      
       boot_cortex_m.c.obj            52     0         0      
       copy_decompress_none.c.obj     14     0         0      
       exit.c.obj                     4      0         0      
       pre_init.c.obj                 4      0         0      
    +--+------------------------------+------+---------+---------+
       Total:                         402    0         0      
                                                              
       Stack:                         0      0         512    
       Linker Generated:              0      32        0      
    +--+------------------------------+------+---------+---------+
       Grand Total:                   1102   652       524    


LINKER GENERATED COPY TABLES

__TI_cinit_table @ 000006d8 records: 1, size/record: 8, table size: 8
	.data: load addr=000006c0, load size=00000010 bytes, run addr=20000200, run size=0000000c bytes, compression=lzss


LINKER GENERATED HANDLER TABLE

__TI_handler_table @ 000006d0 records: 2, size/record: 4, table size: 8
	index: 0, handler: __TI_decompress_lzss
	index: 1, handler: __TI_decompress_none


GLOBAL SYMBOLS: SORTED ALPHABETICALLY BY Name 

address   name                          
-------   ----                          
000006b7  C$$EXIT                       
20000204  GPIOHBCTL                     
0000034d  INTClearPending               
000002bd  INTDisable                    
0000028b  INTEnable                     
000003ab  INTGetActivation              
0000037b  INTGetPending                 
000002eb  INTGetStatus                  
0000026d  INTSetAddress                 
0000031b  INTSetPending                 
000003db  INTSetPriority                
00000435  INTSoftwareTrigger            
20000200  RCC                           
20000208  RCGCGPIO                      
000006a7  ResetISR                      
20000200  __STACK_END                   
00000200  __STACK_SIZE                  
20000200  __STACK_TOP                   
000006d8  __TI_CINIT_Base               
000006e0  __TI_CINIT_Limit              
000006d0  __TI_Handler_Table_Base       
000006d8  __TI_Handler_Table_Limit      
00000621  __TI_auto_init_nobinit_nopinit
000005b9  __TI_decompress_lzss          
00000699  __TI_decompress_none          
ffffffff  __TI_pprof_out_hndl           
ffffffff  __TI_prof_data_size           
ffffffff  __TI_prof_data_start          
00000000  __TI_static_base__            
0000051d  __aeabi_memcpy                
0000051d  __aeabi_memcpy4               
0000051d  __aeabi_memcpy8               
ffffffff  __binit__                     
ffffffff  __c_args__                    
UNDEFED   __mpu_init                    
20000000  __stack                       
00000665  _c_int00_noargs               
UNDEFED   _system_post_cinit            
000006b3  _system_pre_init              
000006b7  abort                         
ffffffff  binit                         
00000000  g_pfnVectors                  
00000455  main                          
0000051d  memcpy                        


GLOBAL SYMBOLS: SORTED BY Symbol Address 

address   name                          
-------   ----                          
00000000  __TI_static_base__            
00000000  g_pfnVectors                  
00000200  __STACK_SIZE                  
0000026d  INTSetAddress                 
0000028b  INTEnable                     
000002bd  INTDisable                    
000002eb  INTGetStatus                  
0000031b  INTSetPending                 
0000034d  INTClearPending               
0000037b  INTGetPending                 
000003ab  INTGetActivation              
000003db  INTSetPriority                
00000435  INTSoftwareTrigger            
00000455  main                          
0000051d  __aeabi_memcpy                
0000051d  __aeabi_memcpy4               
0000051d  __aeabi_memcpy8               
0000051d  memcpy                        
000005b9  __TI_decompress_lzss          
00000621  __TI_auto_init_nobinit_nopinit
00000665  _c_int00_noargs               
00000699  __TI_decompress_none          
000006a7  ResetISR                      
000006b3  _system_pre_init              
000006b7  C$$EXIT                       
000006b7  abort                         
000006d0  __TI_Handler_Table_Base       
000006d8  __TI_CINIT_Base               
000006d8  __TI_Handler_Table_Limit      
000006e0  __TI_CINIT_Limit              
20000000  __stack                       
20000200  RCC                           
20000200  __STACK_END                   
20000200  __STACK_TOP                   
20000204  GPIOHBCTL                     
20000208  RCGCGPIO                      
ffffffff  __TI_pprof_out_hndl           
ffffffff  __TI_prof_data_size           
ffffffff  __TI_prof_data_start          
ffffffff  __binit__                     
ffffffff  __c_args__                    
ffffffff  binit                         
UNDEFED   __mpu_init                    
UNDEFED   _system_post_cinit            

[44 symbols]
