******************************************************************************
                  TI ARM Linker PC v18.12.4                    
******************************************************************************
>> Linked Fri Mar  6 13:14:12 2020

OUTPUT FILE NAME:   <Interrupt.out>
ENTRY POINT SYMBOL: "_c_int00_noargs"  address: 000004bd


MEMORY CONFIGURATION

         name            origin    length      used     unused   attr    fill
----------------------  --------  ---------  --------  --------  ----  --------
  FLASH                 00000000   00040000  00000532  0003face  R  X
  SRAM                  20000000   00008000  0000020c  00007df4  RW X


SEGMENT ALLOCATION MAP

run origin  load origin   length   init length attrs members
----------  ----------- ---------- ----------- ----- -------
00000000    00000000    00000538   00000538    r-x
  00000000    00000000    0000026c   0000026c    r-- .intvecs
  0000026c    0000026c    000002a6   000002a6    r-x .text
  00000518    00000518    00000020   00000020    r-- .cinit
20000000    20000000    0000020c   00000000    rw-
  20000000    20000000    00000200   00000000    rw- .stack
  20000200    20000200    0000000c   00000000    rw- .data


SECTION ALLOCATION MAP

 output                                  attributes/
section   page    origin      length       input sections
--------  ----  ----------  ----------   ----------------
.intvecs   0    00000000    0000026c     
                  00000000    0000026c     tm4c123gh6pm_startup_ccs.obj (.intvecs)

.text      0    0000026c    000002a6     
                  0000026c    000000bc     INT.obj (.text)
                  00000328    0000009c     rtsv7M4_T_le_v4SPD16_eabi.lib : memcpy_t2.asm.obj (.text)
                  000003c4    00000068                                   : copy_decompress_lzss.c.obj (.text:decompress:lzss:__TI_decompress_lzss)
                  0000042c    0000004c     main.obj (.text)
                  00000478    00000044     rtsv7M4_T_le_v4SPD16_eabi.lib : autoinit.c.obj (.text:__TI_auto_init_nobinit_nopinit:__TI_auto_init_nobinit_nopinit)
                  000004bc    00000034                                   : boot_cortex_m.c.obj (.text:_c_int00_noargs:_c_int00_noargs)
                  000004f0    0000000e                                   : copy_decompress_none.c.obj (.text:decompress:none:__TI_decompress_none)
                  000004fe    0000000c     tm4c123gh6pm_startup_ccs.obj (.text)
                  0000050a    00000004     rtsv7M4_T_le_v4SPD16_eabi.lib : pre_init.c.obj (.text:_system_pre_init)
                  0000050e    00000004                                   : exit.c.obj (.text:abort:abort)

.cinit     0    00000518    00000020     
                  00000518    00000010     (.cinit..data.load) [load image, compression = lzss]
                  00000528    00000008     (__TI_handler_table)
                  00000530    00000008     (__TI_cinit_table)

.init_array 
*          0    00000000    00000000     UNINITIALIZED

.data      0    20000200    0000000c     UNINITIALIZED
                  20000200    0000000c     main.obj (.data)

.stack     0    20000000    00000200     UNINITIALIZED
                  20000000    00000004     rtsv7M4_T_le_v4SPD16_eabi.lib : boot_cortex_m.c.obj (.stack)
                  20000004    000001fc     --HOLE--

MODULE SUMMARY

       Module                         code   ro data   rw data
       ------                         ----   -------   -------
    .\
       tm4c123gh6pm_startup_ccs.obj   12     620       0      
       INT.obj                        188    0         0      
       main.obj                       76     0         12     
    +--+------------------------------+------+---------+---------+
       Total:                         276    620       12     
                                                              
    C:\ti\ccs930\ccs\tools\compiler\ti-cgt-arm_18.12.4.LTS\lib\rtsv7M4_T_le_v4SPD16_eabi.lib
       memcpy_t2.asm.obj              156    0         0      
       copy_decompress_lzss.c.obj     104    0         0      
       autoinit.c.obj                 68     0         0      
       boot_cortex_m.c.obj            52     0         0      
       copy_decompress_none.c.obj     14     0         0      
       exit.c.obj                     4      0         0      
       pre_init.c.obj                 4      0         0      
    +--+------------------------------+------+---------+---------+
       Total:                         402    0         0      
                                                              
       Stack:                         0      0         512    
       Linker Generated:              0      32        0      
    +--+------------------------------+------+---------+---------+
       Grand Total:                   678    652       524    


LINKER GENERATED COPY TABLES

__TI_cinit_table @ 00000530 records: 1, size/record: 8, table size: 8
	.data: load addr=00000518, load size=00000010 bytes, run addr=20000200, run size=0000000c bytes, compression=lzss


LINKER GENERATED HANDLER TABLE

__TI_handler_table @ 00000528 records: 2, size/record: 4, table size: 8
	index: 0, handler: __TI_decompress_lzss
	index: 1, handler: __TI_decompress_none


GLOBAL SYMBOLS: SORTED ALPHABETICALLY BY Name 

address   name                          
-------   ----                          
0000050f  C$$EXIT                       
20000204  GPIOHBCTL                     
0000026d  INTSetAddress                 
00000281  INTSetEnable                  
20000200  RCC                           
20000208  RCGCGPIO                      
000004ff  ResetISR                      
20000200  __STACK_END                   
00000200  __STACK_SIZE                  
20000200  __STACK_TOP                   
00000530  __TI_CINIT_Base               
00000538  __TI_CINIT_Limit              
00000528  __TI_Handler_Table_Base       
00000530  __TI_Handler_Table_Limit      
00000479  __TI_auto_init_nobinit_nopinit
000003c5  __TI_decompress_lzss          
000004f1  __TI_decompress_none          
ffffffff  __TI_pprof_out_hndl           
ffffffff  __TI_prof_data_size           
ffffffff  __TI_prof_data_start          
00000000  __TI_static_base__            
00000329  __aeabi_memcpy                
00000329  __aeabi_memcpy4               
00000329  __aeabi_memcpy8               
ffffffff  __binit__                     
ffffffff  __c_args__                    
UNDEFED   __mpu_init                    
20000000  __stack                       
000004bd  _c_int00_noargs               
UNDEFED   _system_post_cinit            
0000050b  _system_pre_init              
0000050f  abort                         
ffffffff  binit                         
00000000  g_pfnVectors                  
0000042d  main                          
00000329  memcpy                        


GLOBAL SYMBOLS: SORTED BY Symbol Address 

address   name                          
-------   ----                          
00000000  __TI_static_base__            
00000000  g_pfnVectors                  
00000200  __STACK_SIZE                  
0000026d  INTSetAddress                 
00000281  INTSetEnable                  
00000329  __aeabi_memcpy                
00000329  __aeabi_memcpy4               
00000329  __aeabi_memcpy8               
00000329  memcpy                        
000003c5  __TI_decompress_lzss          
0000042d  main                          
00000479  __TI_auto_init_nobinit_nopinit
000004bd  _c_int00_noargs               
000004f1  __TI_decompress_none          
000004ff  ResetISR                      
0000050b  _system_pre_init              
0000050f  C$$EXIT                       
0000050f  abort                         
00000528  __TI_Handler_Table_Base       
00000530  __TI_CINIT_Base               
00000530  __TI_Handler_Table_Limit      
00000538  __TI_CINIT_Limit              
20000000  __stack                       
20000200  RCC                           
20000200  __STACK_END                   
20000200  __STACK_TOP                   
20000204  GPIOHBCTL                     
20000208  RCGCGPIO                      
ffffffff  __TI_pprof_out_hndl           
ffffffff  __TI_prof_data_size           
ffffffff  __TI_prof_data_start          
ffffffff  __binit__                     
ffffffff  __c_args__                    
ffffffff  binit                         
UNDEFED   __mpu_init                    
UNDEFED   _system_post_cinit            

[36 symbols]
