******************************************************************************
                  TI ARM Linker PC v18.12.4                    
******************************************************************************
>> Linked Wed Apr 15 04:32:54 2020

OUTPUT FILE NAME:   <GPIO.out>
ENTRY POINT SYMBOL: "_c_int00_noargs"  address: 00000a75


MEMORY CONFIGURATION

         name            origin    length      used     unused   attr    fill
----------------------  --------  ---------  --------  --------  ----  --------
  FLASH                 00000000   00040000  00000b0a  0003f4f6  R  X
  SRAM                  20000000   00008000  00000234  00007dcc  RW X


SEGMENT ALLOCATION MAP

run origin  load origin   length   init length attrs members
----------  ----------- ---------- ----------- ----- -------
00000000    00000000    00000b10   00000b10    r-x
  00000000    00000000    0000026c   0000026c    r-- .intvecs
  0000026c    0000026c    0000085e   0000085e    r-x .text
  00000ad0    00000ad0    00000040   00000040    r-- .cinit
20000000    20000000    00000234   00000000    rw-
  20000000    20000000    00000200   00000000    rw- .stack
  20000200    20000200    00000034   00000000    rw- .data


SECTION ALLOCATION MAP

 output                                  attributes/
section   page    origin      length       input sections
--------  ----  ----------  ----------   ----------------
.intvecs   0    00000000    0000026c     
                  00000000    0000026c     tm4c123gh6pm_startup_ccs.obj (.intvecs)

.text      0    0000026c    0000085e     
                  0000026c    000005ca     GPIO.obj (.text)
                  00000836    00000002     --HOLE-- [fill = 0]
                  00000838    000000f4     main.obj (.text)
                  0000092c    0000009c     rtsv7M4_T_le_v4SPD16_eabi.lib : memcpy_t2.asm.obj (.text)
                  000009c8    00000068                                   : copy_decompress_lzss.c.obj (.text:decompress:lzss:__TI_decompress_lzss)
                  00000a30    00000044                                   : autoinit.c.obj (.text:__TI_auto_init_nobinit_nopinit:__TI_auto_init_nobinit_nopinit)
                  00000a74    00000034                                   : boot_cortex_m.c.obj (.text:_c_int00_noargs:_c_int00_noargs)
                  00000aa8    0000000e                                   : copy_decompress_none.c.obj (.text:decompress:none:__TI_decompress_none)
                  00000ab6    0000000c     tm4c123gh6pm_startup_ccs.obj (.text)
                  00000ac2    00000004     rtsv7M4_T_le_v4SPD16_eabi.lib : pre_init.c.obj (.text:_system_pre_init)
                  00000ac6    00000004                                   : exit.c.obj (.text:abort:abort)

.cinit     0    00000ad0    00000040     
                  00000ad0    0000002f     (.cinit..data.load) [load image, compression = lzss]
                  00000aff    00000001     --HOLE-- [fill = 0]
                  00000b00    00000008     (__TI_handler_table)
                  00000b08    00000008     (__TI_cinit_table)

.init_array 
*          0    00000000    00000000     UNINITIALIZED

.data      0    20000200    00000034     UNINITIALIZED
                  20000200    00000018     GPIO.obj (.data:AHB_Ports)
                  20000218    00000018     GPIO.obj (.data:APB_Ports)
                  20000230    00000004     main.obj (.data)

.stack     0    20000000    00000200     UNINITIALIZED
                  20000000    00000004     rtsv7M4_T_le_v4SPD16_eabi.lib : boot_cortex_m.c.obj (.stack)
                  20000004    000001fc     --HOLE--

MODULE SUMMARY

       Module                         code   ro data   rw data
       ------                         ----   -------   -------
    .\
       GPIO.obj                       1482   0         48     
       tm4c123gh6pm_startup_ccs.obj   12     620       0      
       main.obj                       244    0         4      
    +--+------------------------------+------+---------+---------+
       Total:                         1738   620       52     
                                                              
    C:\ti\ccs930\ccs\tools\compiler\ti-cgt-arm_18.12.4.LTS\lib\rtsv7M4_T_le_v4SPD16_eabi.lib
       memcpy_t2.asm.obj              156    0         0      
       copy_decompress_lzss.c.obj     104    0         0      
       autoinit.c.obj                 68     0         0      
       boot_cortex_m.c.obj            52     0         0      
       copy_decompress_none.c.obj     14     0         0      
       exit.c.obj                     4      0         0      
       pre_init.c.obj                 4      0         0      
    +--+------------------------------+------+---------+---------+
       Total:                         402    0         0      
                                                              
       Stack:                         0      0         512    
       Linker Generated:              0      63        0      
    +--+------------------------------+------+---------+---------+
       Grand Total:                   2140   683       564    


LINKER GENERATED COPY TABLES

__TI_cinit_table @ 00000b08 records: 1, size/record: 8, table size: 8
	.data: load addr=00000ad0, load size=0000002f bytes, run addr=20000200, run size=00000034 bytes, compression=lzss


LINKER GENERATED HANDLER TABLE

__TI_handler_table @ 00000b00 records: 2, size/record: 4, table size: 8
	index: 0, handler: __TI_decompress_lzss
	index: 1, handler: __TI_decompress_none


GLOBAL SYMBOLS: SORTED ALPHABETICALLY BY Name 

address   name                          
-------   ----                          
20000200  AHB_Ports                     
20000218  APB_Ports                     
00000ac7  C$$EXIT                       
000002b1  GPIOBusGet                    
0000026d  GPIOBusSet                    
0000030f  GPIOClockGet                  
000002ef  GPIOClockRst                  
000002cf  GPIOClockSet                  
000003f9  GPIODirGet                    
0000037b  GPIODirModeSet                
00000421  GPIOModeGet                   
00000695  GPIOPadDriveStr2Get           
000006bd  GPIOPadDriveStr4Get           
000006e5  GPIOPadDriveStr8Get           
0000070d  GPIOPadDriveStrSlewGet        
00000735  GPIOPadOpenDrainGet           
00000785  GPIOPadPullDownGet            
0000075d  GPIOPadPullUpGet              
00000459  GPIOPadSet                    
000007ad  GPIORead                      
0000032d  GPIOSetAddress                
000007ef  GPIOWrite                     
20000230  RCC                           
00000ab7  ResetISR                      
20000200  __STACK_END                   
00000200  __STACK_SIZE                  
20000200  __STACK_TOP                   
00000b08  __TI_CINIT_Base               
00000b10  __TI_CINIT_Limit              
00000b00  __TI_Handler_Table_Base       
00000b08  __TI_Handler_Table_Limit      
00000a31  __TI_auto_init_nobinit_nopinit
000009c9  __TI_decompress_lzss          
00000aa9  __TI_decompress_none          
ffffffff  __TI_pprof_out_hndl           
ffffffff  __TI_prof_data_size           
ffffffff  __TI_prof_data_start          
00000000  __TI_static_base__            
0000092d  __aeabi_memcpy                
0000092d  __aeabi_memcpy4               
0000092d  __aeabi_memcpy8               
ffffffff  __binit__                     
ffffffff  __c_args__                    
UNDEFED   __mpu_init                    
20000000  __stack                       
00000a75  _c_int00_noargs               
UNDEFED   _system_post_cinit            
00000ac3  _system_pre_init              
00000ac7  abort                         
ffffffff  binit                         
00000000  g_pfnVectors                  
00000839  main                          
0000092d  memcpy                        


GLOBAL SYMBOLS: SORTED BY Symbol Address 

address   name                          
-------   ----                          
00000000  __TI_static_base__            
00000000  g_pfnVectors                  
00000200  __STACK_SIZE                  
0000026d  GPIOBusSet                    
000002b1  GPIOBusGet                    
000002cf  GPIOClockSet                  
000002ef  GPIOClockRst                  
0000030f  GPIOClockGet                  
0000032d  GPIOSetAddress                
0000037b  GPIODirModeSet                
000003f9  GPIODirGet                    
00000421  GPIOModeGet                   
00000459  GPIOPadSet                    
00000695  GPIOPadDriveStr2Get           
000006bd  GPIOPadDriveStr4Get           
000006e5  GPIOPadDriveStr8Get           
0000070d  GPIOPadDriveStrSlewGet        
00000735  GPIOPadOpenDrainGet           
0000075d  GPIOPadPullUpGet              
00000785  GPIOPadPullDownGet            
000007ad  GPIORead                      
000007ef  GPIOWrite                     
00000839  main                          
0000092d  __aeabi_memcpy                
0000092d  __aeabi_memcpy4               
0000092d  __aeabi_memcpy8               
0000092d  memcpy                        
000009c9  __TI_decompress_lzss          
00000a31  __TI_auto_init_nobinit_nopinit
00000a75  _c_int00_noargs               
00000aa9  __TI_decompress_none          
00000ab7  ResetISR                      
00000ac3  _system_pre_init              
00000ac7  C$$EXIT                       
00000ac7  abort                         
00000b00  __TI_Handler_Table_Base       
00000b08  __TI_CINIT_Base               
00000b08  __TI_Handler_Table_Limit      
00000b10  __TI_CINIT_Limit              
20000000  __stack                       
20000200  AHB_Ports                     
20000200  __STACK_END                   
20000200  __STACK_TOP                   
20000218  APB_Ports                     
20000230  RCC                           
ffffffff  __TI_pprof_out_hndl           
ffffffff  __TI_prof_data_size           
ffffffff  __TI_prof_data_start          
ffffffff  __binit__                     
ffffffff  __c_args__                    
ffffffff  binit                         
UNDEFED   __mpu_init                    
UNDEFED   _system_post_cinit            

[53 symbols]
