******************************************************************************
                  TI ARM Linker PC v18.12.4                    
******************************************************************************
>> Linked Fri Feb 14 09:22:04 2020

OUTPUT FILE NAME:   <GPIO.out>
ENTRY POINT SYMBOL: "_c_int00"  address: 00000338


MEMORY CONFIGURATION

         name            origin    length      used     unused   attr    fill
----------------------  --------  ---------  --------  --------  ----  --------
  RAM                   00000020   ffffffe0  00000bc8  fffff418  RWIX


SEGMENT ALLOCATION MAP

run origin  load origin   length   init length attrs members
----------  ----------- ---------- ----------- ----- -------
00000020    00000020    0000039c   0000039c    r-x
  00000020    00000020    0000039c   0000039c    r-x .text
000003bc    000003bc    0000000c   00000000    rw-
  000003bc    000003bc    0000000c   00000000    rw- .data
000003c8    000003c8    00000800   00000000    rw-
  000003c8    000003c8    00000800   00000000    rw- .stack
00000bc8    00000bc8    00000020   00000020    r--
  00000bc8    00000bc8    00000020   00000020    r-- .cinit


SECTION ALLOCATION MAP

 output                                  attributes/
section   page    origin      length       input sections
--------  ----  ----------  ----------   ----------------
.text      0    00000020    0000039c     
                  00000020    000001a0     rtsv4_A_be_eabi.lib : memcpy32.asm.obj (.text)
                  000001c0    000000a0                         : copy_decompress_lzss.c.obj (.text:decompress:lzss:__TI_decompress_lzss)
                  00000260    00000070     main.obj (.text)
                  000002d0    00000068     rtsv4_A_be_eabi.lib : autoinit.c.obj (.text:__TI_auto_init_nobinit_nopinit:__TI_auto_init_nobinit_nopinit)
                  00000338    0000003c                         : boot_non_cortex_m.asm.obj (.text)
                  00000374    00000020                         : args_main.c.obj (.text:_args_main)
                  00000394    00000014                         : copy_decompress_none.c.obj (.text:decompress:none:__TI_decompress_none)
                  000003a8    00000008                         : pre_init.c.obj (.text:_system_pre_init)
                  000003b0    00000008                         : exit.c.obj (.text:abort:abort)
                  000003b8    00000004                         : mpu_init.c.obj (.text:__mpu_init)

.data      0    000003bc    0000000c     UNINITIALIZED
                  000003bc    0000000c     GPIO.obj (.data)

.cinit     0    00000bc8    00000020     
                  00000bc8    00000010     (.cinit..data.load) [load image, compression = lzss]
                  00000bd8    00000008     (__TI_handler_table)
                  00000be0    00000008     (__TI_cinit_table)

.init_array 
*          0    00000020    00000000     UNINITIALIZED

.stack     0    000003c8    00000800     UNINITIALIZED
                  000003c8    00000800     --HOLE--

MODULE SUMMARY

       Module                       code   ro data   rw data
       ------                       ----   -------   -------
    .\
       main.obj                     112    0         0      
       GPIO.obj                     0      0         12     
    +--+----------------------------+------+---------+---------+
       Total:                       112    0         12     
                                                            
    C:\ti\ccs930\ccs\tools\compiler\ti-cgt-arm_18.12.4.LTS\lib\rtsv4_A_be_eabi.lib
       memcpy32.asm.obj             416    0         0      
       copy_decompress_lzss.c.obj   160    0         0      
       autoinit.c.obj               104    0         0      
       boot_non_cortex_m.asm.obj    60     0         0      
       args_main.c.obj              32     0         0      
       copy_decompress_none.c.obj   20     0         0      
       exit.c.obj                   8      0         0      
       pre_init.c.obj               8      0         0      
       mpu_init.c.obj               4      0         0      
    +--+----------------------------+------+---------+---------+
       Total:                       812    0         0      
                                                            
       Stack:                       0      0         2048   
       Linker Generated:            0      32        0      
    +--+----------------------------+------+---------+---------+
       Grand Total:                 924    32        2060   


LINKER GENERATED COPY TABLES

__TI_cinit_table @ 00000be0 records: 1, size/record: 8, table size: 8
	.data: load addr=00000bc8, load size=00000010 bytes, run addr=000003bc, run size=0000000c bytes, compression=lzss


LINKER GENERATED HANDLER TABLE

__TI_handler_table @ 00000bd8 records: 2, size/record: 4, table size: 8
	index: 0, handler: __TI_decompress_lzss
	index: 1, handler: __TI_decompress_none


GLOBAL SYMBOLS: SORTED ALPHABETICALLY BY Name 

address   name                          
-------   ----                          
000003b0  C$$EXIT                       
000003c0  GPIOHBCTL                     
000003bc  RCC                           
000003c4  RCGCGPIO                      
00000bc8  __STACK_END                   
00000800  __STACK_SIZE                  
00000be0  __TI_CINIT_Base               
00000be8  __TI_CINIT_Limit              
00000bd8  __TI_Handler_Table_Base       
00000be0  __TI_Handler_Table_Limit      
000002d0  __TI_auto_init_nobinit_nopinit
000001c0  __TI_decompress_lzss          
00000394  __TI_decompress_none          
ffffffff  __TI_pprof_out_hndl           
ffffffff  __TI_prof_data_size           
ffffffff  __TI_prof_data_start          
00000bc8  __TI_static_base__            
00000020  __aeabi_memcpy                
00000020  __aeabi_memcpy4               
00000020  __aeabi_memcpy8               
ffffffff  __binit__                     
ffffffff  __c_args__                    
000003b8  __mpu_init                    
000003c8  __stack                       
00000374  _args_main                    
00000338  _c_int00                      
UNDEFED   _system_post_cinit            
000003a8  _system_pre_init              
000003b0  abort                         
ffffffff  binit                         
00000260  main                          
00000020  memcpy                        


GLOBAL SYMBOLS: SORTED BY Symbol Address 

address   name                          
-------   ----                          
00000020  __aeabi_memcpy                
00000020  __aeabi_memcpy4               
00000020  __aeabi_memcpy8               
00000020  memcpy                        
000001c0  __TI_decompress_lzss          
00000260  main                          
000002d0  __TI_auto_init_nobinit_nopinit
00000338  _c_int00                      
00000374  _args_main                    
00000394  __TI_decompress_none          
000003a8  _system_pre_init              
000003b0  C$$EXIT                       
000003b0  abort                         
000003b8  __mpu_init                    
000003bc  RCC                           
000003c0  GPIOHBCTL                     
000003c4  RCGCGPIO                      
000003c8  __stack                       
00000800  __STACK_SIZE                  
00000bc8  __STACK_END                   
00000bc8  __TI_static_base__            
00000bd8  __TI_Handler_Table_Base       
00000be0  __TI_CINIT_Base               
00000be0  __TI_Handler_Table_Limit      
00000be8  __TI_CINIT_Limit              
ffffffff  __TI_pprof_out_hndl           
ffffffff  __TI_prof_data_size           
ffffffff  __TI_prof_data_start          
ffffffff  __binit__                     
ffffffff  __c_args__                    
ffffffff  binit                         
UNDEFED   _system_post_cinit            

[32 symbols]
