******************************************************************************
                  TI ARM Linker PC v18.12.4                    
******************************************************************************
>> Linked Thu Apr 23 11:13:40 2020

OUTPUT FILE NAME:   <GPIO_INT.out>
ENTRY POINT SYMBOL: "_c_int00_noargs"  address: 00000ead


MEMORY CONFIGURATION

         name            origin    length      used     unused   attr    fill
----------------------  --------  ---------  --------  --------  ----  --------
  FLASH                 00000000   00040000  00000f76  0003f08a  R  X
  SRAM                  20000000   00008000  000004a0  00007b60  RW X


SEGMENT ALLOCATION MAP

run origin  load origin   length   init length attrs members
----------  ----------- ---------- ----------- ----- -------
00000000    00000000    00000f78   00000f78    r-x
  00000000    00000000    0000026c   0000026c    r-- .intvecs
  0000026c    0000026c    00000cb2   00000cb2    r-x .text
  00000f20    00000f20    00000058   00000058    r-- .cinit
20000000    20000000    000004a4   00000000    rw-
  20000000    20000000    0000026c   00000000    rw- .vtable
  20000270    20000270    00000200   00000000    rw- .stack
  20000470    20000470    00000034   00000000    rw- .data


SECTION ALLOCATION MAP

 output                                  attributes/
section   page    origin      length       input sections
--------  ----  ----------  ----------   ----------------
.intvecs   0    00000000    0000026c     
                  00000000    0000026c     tm4c123gh6pm_startup_ccs.obj (.intvecs)

.text      0    0000026c    00000cb2     
                  0000026c    00000752     GPIO.obj (.text)
                  000009be    00000002     --HOLE-- [fill = 0]
                  000009c0    00000248     INT.obj (.text)
                  00000c08    0000015c     main.obj (.text)
                  00000d64    0000009c     rtsv7M4_T_le_v4SPD16_eabi.lib : memcpy_t2.asm.obj (.text)
                  00000e00    00000068                                   : copy_decompress_lzss.c.obj (.text:decompress:lzss:__TI_decompress_lzss)
                  00000e68    00000044                                   : autoinit.c.obj (.text:__TI_auto_init_nobinit_nopinit:__TI_auto_init_nobinit_nopinit)
                  00000eac    00000034                                   : boot_cortex_m.c.obj (.text:_c_int00_noargs:_c_int00_noargs)
                  00000ee0    0000001c                                   : copy_zero_init.c.obj (.text:decompress:ZI:__TI_zero_init_nomemset:__TI_zero_init_nomemset)
                  00000efc    0000000e                                   : copy_decompress_none.c.obj (.text:decompress:none:__TI_decompress_none)
                  00000f0a    0000000c     tm4c123gh6pm_startup_ccs.obj (.text)
                  00000f16    00000004     rtsv7M4_T_le_v4SPD16_eabi.lib : pre_init.c.obj (.text:_system_pre_init)
                  00000f1a    00000004                                   : exit.c.obj (.text:abort:abort)

.cinit     0    00000f20    00000058     
                  00000f20    0000002f     (.cinit..data.load) [load image, compression = lzss]
                  00000f4f    00000001     --HOLE-- [fill = 0]
                  00000f50    0000000c     (__TI_handler_table)
                  00000f5c    00000004     --HOLE-- [fill = 0]
                  00000f60    00000008     (.cinit..vtable.load) [load image, compression = zero_init]
                  00000f68    00000010     (__TI_cinit_table)

.init_array 
*          0    00000000    00000000     UNINITIALIZED

.vtable    0    20000000    0000026c     UNINITIALIZED
                  20000000    0000026c     INT.obj (.vtable)

.data      0    20000470    00000034     UNINITIALIZED
                  20000470    00000018     GPIO.obj (.data:AHB_Ports)
                  20000488    00000018     GPIO.obj (.data:APB_Ports)
                  200004a0    00000004     main.obj (.data)

.stack     0    20000270    00000200     UNINITIALIZED
                  20000270    00000004     rtsv7M4_T_le_v4SPD16_eabi.lib : boot_cortex_m.c.obj (.stack)
                  20000274    000001fc     --HOLE--

MODULE SUMMARY

       Module                         code   ro data   rw data
       ------                         ----   -------   -------
    .\
       GPIO.obj                       1874   0         48     
       INT.obj                        584    0         620    
       tm4c123gh6pm_startup_ccs.obj   12     620       0      
       main.obj                       348    0         4      
    +--+------------------------------+------+---------+---------+
       Total:                         2818   620       672    
                                                              
    C:\ti\ccs930\ccs\tools\compiler\ti-cgt-arm_18.12.4.LTS\lib\rtsv7M4_T_le_v4SPD16_eabi.lib
       memcpy_t2.asm.obj              156    0         0      
       copy_decompress_lzss.c.obj     104    0         0      
       autoinit.c.obj                 68     0         0      
       boot_cortex_m.c.obj            52     0         0      
       copy_zero_init.c.obj           28     0         0      
       copy_decompress_none.c.obj     14     0         0      
       exit.c.obj                     4      0         0      
       pre_init.c.obj                 4      0         0      
    +--+------------------------------+------+---------+---------+
       Total:                         430    0         0      
                                                              
       Stack:                         0      0         512    
       Linker Generated:              0      83        0      
    +--+------------------------------+------+---------+---------+
       Grand Total:                   3248   703       1184   


LINKER GENERATED COPY TABLES

__TI_cinit_table @ 00000f68 records: 2, size/record: 8, table size: 16
	.data: load addr=00000f20, load size=0000002f bytes, run addr=20000470, run size=00000034 bytes, compression=lzss
	.vtable: load addr=00000f60, load size=00000008 bytes, run addr=20000000, run size=0000026c bytes, compression=zero_init


LINKER GENERATED HANDLER TABLE

__TI_handler_table @ 00000f50 records: 3, size/record: 4, table size: 12
	index: 0, handler: __TI_zero_init
	index: 1, handler: __TI_decompress_lzss
	index: 2, handler: __TI_decompress_none


GLOBAL SYMBOLS: SORTED ALPHABETICALLY BY Name 

address   name                          
-------   ----                          
20000470  AHB_Ports                     
20000488  APB_Ports                     
00000f1b  C$$EXIT                       
000002b1  GPIOBusGet                    
0000026d  GPIOBusSet                    
0000030f  GPIOClockGet                  
000002ef  GPIOClockRst                  
000002cf  GPIOClockSet                  
000007d3  GPIOConfigINT                 
000003f9  GPIODirGet                    
0000037b  GPIODirModeSet                
0000090b  GPIOGetINTBothedges           
000008e7  GPIOGetINTSense               
00000953  GPIOGetINTTrMask              
00000977  GPIOGetINTTrOcuurance         
0000099b  GPIOGetINTTrStatus            
0000092f  GPIOGetINTTrigger             
0000041d  GPIOModeGet                   
0000068d  GPIOPadDriveStr2Get           
000006b1  GPIOPadDriveStr4Get           
000006d5  GPIOPadDriveStr8Get           
000006f9  GPIOPadDriveStrSlewGet        
0000071d  GPIOPadOpenDrainGet           
00000765  GPIOPadPullDownGet            
00000741  GPIOPadPullUpGet              
0000044d  GPIOPadSet                    
00000789  GPIORead                      
0000032d  GPIOSetAddress                
000007ab  GPIOWrite                     
00000aa1  INTClearPending               
00000a11  INTDisable                    
000009df  INTEnable                     
00000aff  INTGetActivation              
00000acf  INTGetPending                 
00000a3f  INTGetStatus                  
000009c1  INTSetAddress                 
00000a6f  INTSetPending                 
00000b2f  INTSetPriority                
00000b89  INTSoftwareTrigger            
00000d3b  INT_funtion                   
00000ba1  IntSetFunctions               
200004a0  RCC                           
00000f0b  ResetISR                      
20000470  __STACK_END                   
00000200  __STACK_SIZE                  
20000470  __STACK_TOP                   
00000f68  __TI_CINIT_Base               
00000f78  __TI_CINIT_Limit              
00000f50  __TI_Handler_Table_Base       
00000f5c  __TI_Handler_Table_Limit      
00000e69  __TI_auto_init_nobinit_nopinit
00000e01  __TI_decompress_lzss          
00000efd  __TI_decompress_none          
ffffffff  __TI_pprof_out_hndl           
ffffffff  __TI_prof_data_size           
ffffffff  __TI_prof_data_start          
00000000  __TI_static_base__            
00000ee1  __TI_zero_init_nomemset       
00000d65  __aeabi_memcpy                
00000d65  __aeabi_memcpy4               
00000d65  __aeabi_memcpy8               
ffffffff  __binit__                     
ffffffff  __c_args__                    
UNDEFED   __mpu_init                    
20000270  __stack                       
00000ead  _c_int00_noargs               
UNDEFED   _system_post_cinit            
00000f17  _system_pre_init              
00000f1b  abort                         
ffffffff  binit                         
20000000  g_pfnRAMVectors               
00000000  g_pfnVectors                  
00000c09  main                          
00000d65  memcpy                        


GLOBAL SYMBOLS: SORTED BY Symbol Address 

address   name                          
-------   ----                          
00000000  __TI_static_base__            
00000000  g_pfnVectors                  
00000200  __STACK_SIZE                  
0000026d  GPIOBusSet                    
000002b1  GPIOBusGet                    
000002cf  GPIOClockSet                  
000002ef  GPIOClockRst                  
0000030f  GPIOClockGet                  
0000032d  GPIOSetAddress                
0000037b  GPIODirModeSet                
000003f9  GPIODirGet                    
0000041d  GPIOModeGet                   
0000044d  GPIOPadSet                    
0000068d  GPIOPadDriveStr2Get           
000006b1  GPIOPadDriveStr4Get           
000006d5  GPIOPadDriveStr8Get           
000006f9  GPIOPadDriveStrSlewGet        
0000071d  GPIOPadOpenDrainGet           
00000741  GPIOPadPullUpGet              
00000765  GPIOPadPullDownGet            
00000789  GPIORead                      
000007ab  GPIOWrite                     
000007d3  GPIOConfigINT                 
000008e7  GPIOGetINTSense               
0000090b  GPIOGetINTBothedges           
0000092f  GPIOGetINTTrigger             
00000953  GPIOGetINTTrMask              
00000977  GPIOGetINTTrOcuurance         
0000099b  GPIOGetINTTrStatus            
000009c1  INTSetAddress                 
000009df  INTEnable                     
00000a11  INTDisable                    
00000a3f  INTGetStatus                  
00000a6f  INTSetPending                 
00000aa1  INTClearPending               
00000acf  INTGetPending                 
00000aff  INTGetActivation              
00000b2f  INTSetPriority                
00000b89  INTSoftwareTrigger            
00000ba1  IntSetFunctions               
00000c09  main                          
00000d3b  INT_funtion                   
00000d65  __aeabi_memcpy                
00000d65  __aeabi_memcpy4               
00000d65  __aeabi_memcpy8               
00000d65  memcpy                        
00000e01  __TI_decompress_lzss          
00000e69  __TI_auto_init_nobinit_nopinit
00000ead  _c_int00_noargs               
00000ee1  __TI_zero_init_nomemset       
00000efd  __TI_decompress_none          
00000f0b  ResetISR                      
00000f17  _system_pre_init              
00000f1b  C$$EXIT                       
00000f1b  abort                         
00000f50  __TI_Handler_Table_Base       
00000f5c  __TI_Handler_Table_Limit      
00000f68  __TI_CINIT_Base               
00000f78  __TI_CINIT_Limit              
20000000  g_pfnRAMVectors               
20000270  __stack                       
20000470  AHB_Ports                     
20000470  __STACK_END                   
20000470  __STACK_TOP                   
20000488  APB_Ports                     
200004a0  RCC                           
ffffffff  __TI_pprof_out_hndl           
ffffffff  __TI_prof_data_size           
ffffffff  __TI_prof_data_start          
ffffffff  __binit__                     
ffffffff  __c_args__                    
ffffffff  binit                         
UNDEFED   __mpu_init                    
UNDEFED   _system_post_cinit            

[74 symbols]
